first create folder or type mkdir assignment in git bash
inside folder create file.html 
sampar@LIN24010551 MINGW64 ~
$ cd assignment
bash: cd: assignment: No such file or directory

sampar@LIN24010551 MINGW64 ~
$ cd assignment

sampar@LIN24010551 MINGW64 ~/assignment
$ git init
Initialized empty Git repository in C:/Users/sampar/assignment/.git/


sampar@LIN24010551 MINGW64 ~/OneDrive - Capgemini/Desktop/git hub/assignment (master)
$ git status
On branch master

No commits yet

Untracked files:
  (use "git add <file>..." to include in what will be committed)
        README.txt
        file.html

nothing added to commit but untracked files present (use "git add" to track)


sampar@LIN24010551 MINGW64 ~/OneDrive - Capgemini/Desktop/git hub/assignment (master)
$ git status
On branch master

No commits yet

Untracked files:
  (use "git add <file>..." to include in what will be committed)
        file.html

nothing added to commit but untracked files present (use "git add" to track)


sampar@LIN24010551 MINGW64 ~/OneDrive - Capgemini/Desktop/git hub/assignment (master)
$ git add -A


sampar@LIN24010551 MINGW64 ~/OneDrive - Capgemini/Desktop/git hub/assignment (master)
$ git status
On branch master

No commits yet

Changes to be committed:
  (use "git rm --cached <file>..." to unstage)
        new file:   file.html



sampar@LIN24010551 MINGW64 ~/OneDrive - Capgemini/Desktop/git hub/assignment (master)
$ touch README.txt


sampar@LIN24010551 MINGW64 ~/OneDrive - Capgemini/Desktop/git hub/assignment (master)
$ git status
On branch master

No commits yet

Changes to be committed:
  (use "git rm --cached <file>..." to unstage)
        new file:   file.html

Untracked files:
  (use "git add <file>..." to include in what will be committed)
        README.txt



sampar@LIN24010551 MINGW64 ~/OneDrive - Capgemini/Desktop/git hub/assignment (master)
$ git add -A


sampar@LIN24010551 MINGW64 ~/OneDrive - Capgemini/Desktop/git hub/assignment (master)
$ git commit -m "committed"
[master (root-commit) 1be038b] committed
 Committer: sampath-kumar.r@capgemini.com
Your name and email address were configured automatically based
on your username and hostname. Please check that they are accurate.
You can suppress this message by setting them explicitly:

    git config --global user.name "Your Name"
    git config --global user.email you@example.com

After doing this, you may fix the identity used for this commit with:

    git commit --amend --reset-author

 2 files changed, 0 insertions(+), 0 deletions(-)
 create mode 100644 README.txt
 create mode 100644 file.html


sampar@LIN24010551 MINGW64 ~/OneDrive - Capgemini/Desktop/git hub/assignment (master)
$ git branch html-assignment


sampar@LIN24010551 MINGW64 ~/OneDrive - Capgemini/Desktop/git hub/assignment (master)
$ git branch
  html-assignment
* master


sampar@LIN24010551 MINGW64 ~/OneDrive - Capgemini/Desktop/git hub/assignment (master)
$ git checkout html-assignment
Switched to branch 'html-assignment'


sampar@LIN24010551 MINGW64 ~/OneDrive - Capgemini/Desktop/git hub/assignment (master)
$ git branch
* html-assignment
  master


sampar@LIN24010551 MINGW64 ~/OneDrive - Capgemini/Desktop/git hub/assignment (master)
$ git add -A


sampar@LIN24010551 MINGW64 ~/OneDrive - Capgemini/Desktop/git hub/assignment (master)
$ git commit -m "committed"
On branch html-assignment
nothing to commit, working tree clean


sampar@LIN24010551 MINGW64 ~/OneDrive - Capgemini/Desktop/git hub/assignment (master)
$ git branch
* html-assignment
  master


sampar@LIN24010551 MINGW64 ~/OneDrive - Capgemini/Desktop/git hub/assignment (master)
$ git add -A


sampar@LIN24010551 MINGW64 ~/OneDrive - Capgemini/Desktop/git hub/assignment (master)
$ git commit -m "committed"
On branch html-assignment
nothing to commit, working tree clean


sampar@LIN24010551 MINGW64 ~/OneDrive - Capgemini/Desktop/git hub/assignment (master)
$ git status
On branch html-assignment
nothing to commit, working tree clean


sampar@LIN24010551 MINGW64 ~/OneDrive - Capgemini/Desktop/git hub/assignment (master)
$ git checkout master
Switched to branch 'master'


sampar@LIN24010551 MINGW64 ~/OneDrive - Capgemini/Desktop/git hub/assignment (master)
$ git branch
  html-assignment
* master


sampar@LIN24010551 MINGW64 ~/OneDrive - Capgemini/Desktop/git hub/assignment (master)
$ git add -A


sampar@LIN24010551 MINGW64 ~/OneDrive - Capgemini/Desktop/git hub/assignment (master)
$ git commit -m "committed"
On branch master
nothing to commit, working tree clean


sampar@LIN24010551 MINGW64 ~/OneDrive - Capgemini/Desktop/git hub/assignment (master)
$ git checkout html-assignment
Switched to branch 'html-assignment'


sampar@LIN24010551 MINGW64 ~/OneDrive - Capgemini/Desktop/git hub/assignment (master)
$ git add -A

sampar@LIN24010551 MINGW64 ~/OneDrive - Capgemini/Desktop/git hub/assignment (master)
$ git commit -m "committed"
[html-assignment 0188746] committed
 Committer: sampath-kumar.r@capgemini.com
Your name and email address were configured automatically based
on your username and hostname. Please check that they are accurate.
You can suppress this message by setting them explicitly:

    git config --global user.name "Your Name"
    git config --global user.email you@example.com

After doing this, you may fix the identity used for this commit with:

    git commit --amend --reset-author

 1 file changed, 5 insertions(+)


sampar@LIN24010551 MINGW64 ~/OneDrive - Capgemini/Desktop/git hub/assignment (master)
$ git checkout master
Switched to branch 'master'


sampar@LIN24010551 MINGW64 ~/OneDrive - Capgemini/Desktop/git hub/assignment (master)
$ git merge html-assignment
Updating 1be038b..0188746
Fast-forward
 file.html | 5 +++++
 1 file changed, 5 insertions(+)

sampar@LIN24010551 MINGW64 ~/OneDrive - Capgemini/Desktop/git hub/assignment (master)
$ git branch -d html-assignment
Deleted branch html-assignment (was 0188746).

sampar@LIN24010551 MINGW64 ~/OneDrive - Capgemini/Desktop/git hub/assignment (master)
$ git remote add origin https://github.com/SampathGR/assignment.git

sampar@LIN24010551 MINGW64 ~/OneDrive - Capgemini/Desktop/git hub/assignment (master)
$ git branch -M main

sampar@LIN24010551 MINGW64 ~/OneDrive - Capgemini/Desktop/git hub/assignment (master)
$ git push -u origin main
Enumerating objects: 6, done.
Counting objects: 100% (6/6), done.
Delta compression using up to 8 threads
Compressing objects: 100% (5/5), done.
Writing objects: 100% (6/6), 503 bytes | 251.00 KiB/s, done.
Total 6 (delta 0), reused 0 (delta 0), pack-reused 0
To https://github.com/SampathGR/assignment.git
 * [new branch]      main -> main
branch 'main' set up to track 'origin/main'.
